{
  "id": "npt_methane_5ps",
  "metrics": {
    "avg_temp_K": 310.0,
    "pressure_bar": 1.0,
    "ensemble": "NPT"
  },
  "tolerances": {
    "avg_temp_K": 3.0,
    "pressure_bar": 50.0
  },
  "meta": {
    "integrator": "md",
    "dt_ps": 0.002,
    "constraints": "h-bonds",
    "thermostat": "V-rescale"
  }
}


