{
  "id": "h2o_rhf_631g",
  "metrics": {
    "scf_energy_hartree": -76.0267654,
    "lowest_freq_cm1": 100.0
  },
  "tolerances": {
    "scf_energy_hartree": 1e-6,
    "lowest_freq_cm1": 5.0
  },
  "meta": {
    "method": "RHF",
    "basis": "6-31G",
    "gaussian_version": "G16-C.01"
  }
}


